érase una vez en américa
2001
2001 odisea en el espacio
2001 una odisea del espacio
300
alguien voló sobre el nido del cuco
alguien volo sobre el nido del cuco
alien
alien el octavo pasajero
amelie
american beauty
american history x
apocalypse now
avatar
big fish
blade runner
braveheart
cadena perpetua
casablanca
casino
cinema paradiso
ciudad de dios
con faldas y a lo loco
crash
doce hombres sin piedad
donnie darko
drácula de bram stoker
dracula
dracula de bram stoker
eduardo manostijeras
el apartamento
el bueno el feo y el malo
el caballero oscuro
el club de la lucha
el club de los poetas muertos
el diario de noa
el efecto mariposa
el golpe
el gran dictador
el gran lebowski
el imperio contraataca
el padrino
el padrino
el padrino 1
el padrino 2
el padrino 3
el padrino parte 1
el padrino parte 2
el padrino parte 3
el padrino parte i
el padrino parte ii
el padrino parte iii
el pianista
el precio del poder
el resplandor
el retorno del jedi
el rey león
el rey leon
el señor de los anillos
el señor de los anillos el retorno del rey
el señor de los anillos la comunidad del anillo
el señor de los anillos las dos torres
el secreto de sus ojos
el sexto sentido
el show de truman
el silencio de los corderos
el viaje de chihiro
en busca del arca perdida
erase una vez en america
forrest gump
gladiator
gran torino
indiana jones y la última cruzada
infiltrados
kill bill volumen 1
kill bill volumen 2
la chaqueta metálica
la chaqueta metalica
la guerra de las galaxias
la guerra de las galaxias el imperio contraataca
la guerra de las galaxias el retorno del jedi
la guerra de las galaxias una nueva esperanza
la lista de schindler
la milla verde
la naranja mecánica
la vida de brian
la vida es bella
lost in translation
malditos bastardos
match point
matrix
memento
million dollar baby
moulin rouge
mystic river
oldboy
olvídate de mí
olvidate de mi
origen
pequeña miss sunshine
pesadilla antes de navidad
piratas del caribe
piratas del caribe la maldición de la perla negra
psicosis
pulp fiction
réquiem por un sueño
regreso al futuro
requiem por un sueño
reservoir dogs
salvar al soldado ryan
seven
shutter island
sin city
sin perdón
sin perdon
slumdog millionaire
snatch cerdos y diamantes
sospechosos habituales
taxi driver
terminator
terminator 2 el juicio final
titanic
trainspotting
uno de los nuestros
up
v de vendetta
wall e
wall-e
