apetece
cuál me recomiendas ?
cuál película veo ?
cuál pelicula veo ?
cual me recomiendas ?
cual película veo ?
cual pelicula veo ?
dime una película
dime una pelicula
me apetece
me puedes recomendar una película
me puedes recomendar una pelicula
me puedes sugerir
me puedes sugerir una película
me puedes sugerir una pelicula
qué me recomiendas ?
qué me sugieres ?
qué película me recomiendas ?
qué película me sugieres ?
qué película veo ?
qué pelicula me recomiendas ?
qué pelicula me sugieres ?
qué pelicula veo ?
qué podría ver ?
qué podria ver ?
qué puedo ver ?
qué veo ?
que me recomiendas ?
que me sugieres ?
que película me recomiendas ?
que película me sugieres ?
que película veo ?
que pelicula me recomiendas ?
que pelicula me sugieres ?
que pelicula veo ?
que podría ver ?
que podria ver ?
que puedo ver ?
que veo ?
quiero que me recomiendes
quiero que me recomiendes una película
quiero que me recomiendes una pelicula
recomiéndame
recomiéndame una película
recomiéndame una pelicula
recomiendame
recomiendame una película
recomiendame una pelicula
sugíereme
sugiereme
sugiereme una película
sugiereme una pelicula
