dime una pelicula
dime una película
me puedes sugerir
me puedes sugerir una pelicula
me puedes sugerir una película
me puedes recomendar una pelicula
me puedes recomendar una película
quiero que me recomiendes
quiero que me recomiendes una pelicula
quiero que me recomiendes una película
sugiereme una pelicula
sugiereme una película
recomiendame una pelicula
recomiéndame una pelicula
recomiendame una película
recomiéndame una película
cual pelicula veo ?
cuál pelicula veo ?
cual película veo ?
cuál película veo ?
que pelicula veo ?
qué pelicula veo ?
que película veo ?
qué película veo ?
que veo ?
qué veo ?
que puedo ver ?
qué puedo ver ?
que podria ver ?
qué podria ver ?
que podría ver ?
qué podría ver ?
que me sugieres ?
qué me sugieres ?
que me recomiendas ?
qué me recomiendas ?
que pelicula me sugieres ?
qué pelicula me sugieres ?
que película me sugieres ?
qué película me sugieres ?
que pelicula me recomiendas ?
qué pelicula me recomiendas ?
que película me recomiendas ?
qué película me recomiendas ?
cual me recomiendas ?
cuál me recomiendas ?
